// Jest Snapshot v1, https://goo.gl/fbAQLP

exports[`matches snapshot 1`] = `
<DocumentFragment>
  <h2>
    My Todo List!
  </h2>
  <form
    class="todoForm"
  >
    <input
      id="newTodo"
      name="newTodo"
      placeholder="Add a new task here"
      type="text"
      value=""
    />
    <button
      class="addTodo"
    >
      Add to list
    </button>
  </form>
</DocumentFragment>
`;
