// Jest Snapshot v1, https://goo.gl/fbAQLP

exports[`matches snapshot 1`] = `
<DocumentFragment>
  <li>
    <button
      class="remove"
    >
      X
    </button>
  </li>
</DocumentFragment>
`;
